[tsg.b-cdn.net/aos.css]
[collectcdn.com/launcher.js]
[fonts.googleapis.com/index.html]
[tsg.b-cdn.net/index.html]
[tsg.b-cdn.net/bootstrap.min.css]
[tsg.b-cdn.net/dezvolta1c.css]
[backblue.gif]
[fade.gif]
[index.html]
[www.dezvolta.com/feed/index.html]
[www.dezvolta.com/comments/feed/index.html]
[www.dezvolta.com/xmlrpc0db0.php]
[www.dezvolta.com/wp-json/index.html]
[www.dezvolta.com/wp-includes/wlwmanifest.xml]
[www.dezvolta.com/wp-json/oembed/1.0/embed463c.json]
[www.dezvolta.com/wp-json/oembed/1.0/embed8dd0]
[www.dezvolta.com/img/homesection4icon1.png]
[tsg.b-cdn.net/rwbg.jpg]
[tsg.b-cdn.net/rwsec3i-bg.png]
[tsg.b-cdn.net/rwsec3-bbg.jpg]
[tsg.b-cdn.net/rwsec5-bg.jpg]
[tsg.b-cdn.net/rwsec7c5bg.png]
[tsg.b-cdn.net/rwsec5tbg2.png]
[tsg.b-cdn.net/rwicon1.png]
[tsg.b-cdn.net/rw-sec9abg.png]
[www.dezvolta.com/img/presicon1.png]
[www.dezvolta.com/img/grid-white.png]
[tsg.b-cdn.net/sersec31.jpg]
[www.dezvolta.com/img/ecomspicon-1.png]
[www.dezvolta.com/img/ecsec7nli.png]
[tsg.b-cdn.net/ecsecn7b.png]
[tsg.b-cdn.net/menudown-white.png]
[tsg.b-cdn.net/smartphone.png]
[www.dezvolta.com/img/Xmax-banner-01.png]
[www.dezvolta.com/img/dezfloaticon.png]
[tsg.b-cdn.net/client-reviews-bg.jpg]
[www.dezvolta.com/img/ctaicon.png]
[www.dezvolta.com/img/dezvolta-best-web-design-SEO-company-in-Singapore.jpg]
[tsg.b-cdn.net/type.js]
[www.dezvolta.com/img/dezlaticon2.png]
[tsg.b-cdn.net/angle.png]
[tsg.b-cdn.net/aos.js]
[code.jquery.com/jquery-3.4.1.min.js]
[tsg.b-cdn.net/owl.carousel.js]
[tsg.b-cdn.net/dezvolta.js]
[code.jquery.com/jquery-migrate-1.4.1.min.js]
[tsg.b-cdn.net/demo-2.js]
[www.dezvolta.com/wp-content/plugins/contact-form-7/includes/js/scriptsbdeb.js]
[www.dezvolta.com/wp-includes/js/wp-embed.min7923.js]
[www.dezvolta.com/index.html]
[fonts.googleapis.com/index.html]
[tsg.b-cdn.net/index.html]
[fonts.googleapis.com/css75f5.css]
[s.w.org/index.html]
[www.dezvolta.com/wp-content/uploads/2018/12/xbg.png]
[tsg.b-cdn.net/scroll.png]
[www.dezvolta.com/wp-content/uploads/2018/12/snowl.png]
[www.dezvolta.com/wp-content/uploads/2018/12/snowm.png]
[www.dezvolta.com/wp-content/uploads/2018/12/gs-e1545287083951.png]
[www.dezvolta.com/wp-content/uploads/2018/12/xtree-e1545279947687.png]
[www.dezvolta.com/wp-json/oembed/1.0/embed4253.json]
[www.dezvolta.com/wp-json/oembed/1.0/embedbe1f]
[www.dezvolta.com/img/off.png]
[www.dezvolta.com/discounts/index.html]
[www.dezvolta.com/wp-json/oembed/1.0/embed9bdb.json]
[www.dezvolta.com/wp-json/oembed/1.0/embed71fe]
[tsg.b-cdn.net/responsive-web-design.png]
[tsg.b-cdn.net/ser-logo.svg]
[tsg.b-cdn.net/servicelogo1.png]
[tsg.b-cdn.net/responsive-web-design-company.png]
[tsg.b-cdn.net/cheap-responsive-web-design.png]
[tsg.b-cdn.net/responsive-to-screen.png]
[tsg.b-cdn.net/Stunning-UI-Designs.png]
[tsg.b-cdn.net/CTA-Buttons.png]
[tsg.b-cdn.net/Marketing-Angle.png]
[tsg.b-cdn.net/Ease-of-Navigation.png]
[tsg.b-cdn.net/page-speed-optimization.png]
[tsg.b-cdn.net/Search-Engine-Friendly.png]
[tsg.b-cdn.net/Premium-Responsive-Web-Designer.png]
[tsg.b-cdn.net/Google-prefers-responsive.png]
[www.dezvolta.com/responsive-website-design-company/index.html]
[www.dezvolta.com/wp-json/oembed/1.0/embedb190.json]
[www.dezvolta.com/wp-json/oembed/1.0/embeda9ae]
[tsg.b-cdn.net/service1-bg.jpg]
[www.dezvolta.com/img/accp.png]
[www.dezvolta.com/img/accm.png]
[www.dezvolta.com/img/ecommerce-website-design-devlopment.png]
[www.dezvolta.com/img/eCommerce-website-design-development-company-Checklist-Singapore.png]
[www.dezvolta.com/img/Responsive-eCommerce-website-design-and-development.png]
[www.dezvolta.com/img/pagespeed-optimised-e-commerce-development-services-company.png]
[www.dezvolta.com/img/Clear-Simplified-webiste-navigation.png]
[www.dezvolta.com/img/secure-eCommerce-website-development-consulting.png]
[www.dezvolta.com/img/social-login-signup.png]
[www.dezvolta.com/img/OnePage-eCommerce-Checkout-Process-works.png]
[www.dezvolta.com/img/AB-Test-Commerce.png]
[www.dezvolta.com/img/eCommerce-website-Testing-services.png]
[tsg.b-cdn.net/Custom-Ecommerce-Development.png]
[tsg.b-cdn.net/Technology-Platforms-Expertise.png]
[tsg.b-cdn.net/magento.png]
[tsg.b-cdn.net/php.png]
[tsg.b-cdn.net/angular.png]
[tsg.b-cdn.net/wordpress.png]
[tsg.b-cdn.net/shopify.png]
[tsg.b-cdn.net/html.png]
[tsg.b-cdn.net/mysql.png]
[www.dezvolta.com/wp-content/uploads/2019/02/ecommerce-webdesign.png]
[tsg.b-cdn.net/e-commerce-port2.png]
[tsg.b-cdn.net/e-commerce-port1.png]
[www.dezvolta.com/ecommerce-website-development/index.html]
[www.dezvolta.com/wp-json/oembed/1.0/embed0f43.json]
[www.dezvolta.com/wp-json/oembed/1.0/embedacc0]
[tsg.b-cdn.net/responsive-seo.png]
[tsg.b-cdn.net/serfeaimage.png]
[tsg.b-cdn.net/best-seo-company.png]
[tsg.b-cdn.net/seo-expert-in-Singapore.png]
[tsg.b-cdn.net/seo-services.png]
[www.dezvolta.com/seo-services/index.html]
[www.dezvolta.com/wp-json/oembed/1.0/embed075b.json]
[www.dezvolta.com/wp-json/oembed/1.0/embede3c0]
[tsg.b-cdn.net/branding-sec1.png]
[tsg.b-cdn.net/brand-sec3.png]
[tsg.b-cdn.net/brand-port.png]
[tsg.b-cdn.net/brand-port1.png]
[tsg.b-cdn.net/brand3-port.png]
[www.dezvolta.com/branding-services/index.html]
[www.dezvolta.com/wp-json/oembed/1.0/embedc349.json]
[www.dezvolta.com/wp-json/oembed/1.0/embed84a0]
[www.dezvolta.com/img/radiancelogo.png]
[www.dezvolta.com/img/asirvadlogo1.png]
[tsg.b-cdn.net/wlogoo18.png]
[tsg.b-cdn.net/wlogoo17.png]
[www.dezvolta.com/img/radiancebg1.jpg]
[www.dezvolta.com/img/asirvad.jpg]
[www.dezvolta.com/img/bigleeimage.jpg]
[www.dezvolta.com/img/happybg.jpg]
[www.dezvolta.com/img/crestbg.jpg]
[www.dezvolta.com/img/shelfbg.jpg]
[www.dezvolta.com/img/texbiobg.jpg]
[www.dezvolta.com/img/chocolakebg.jpg]
[www.dezvolta.com/img/mindzbg.jpg]
[tsg.b-cdn.net/wlogoo0.png]
[tsg.b-cdn.net/wlogoo8.png]
[tsg.b-cdn.net/wlogoo11.png]
[www.dezvolta.com/img/happylogo.png]
[tsg.b-cdn.net/wlogoo6.png]
[tsg.b-cdn.net/wlogoo27.png]
[www.dezvolta.com/img/crestlogodez.png]
[tsg.b-cdn.net/wlogoo21.png]
[tsg.b-cdn.net/wlogoo22.png]
[tsg.b-cdn.net/osj-logo.jpg]
[www.dezvolta.com/img/wlogohuman.png]
[tsg.b-cdn.net/wlogoo24.png]
[tsg.b-cdn.net/wlogoo16.png]
[tsg.b-cdn.net/wlogoo7.png]
[tsg.b-cdn.net/wlogoo1.png]
[www.dezvolta.com/img/bigleelogo.png]
[tsg.b-cdn.net/wlogoo14.png]
[tsg.b-cdn.net/wlogoo12.png]
[tsg.b-cdn.net/wlogoo20.png]
[www.dezvolta.com/img/mindzlogo.png]
[tsg.b-cdn.net/wlogoo3.png]
[tsg.b-cdn.net/wlogoo25.png]
[tsg.b-cdn.net/wlogoo26.png]
[tsg.b-cdn.net/wlogoo9.png]
[tsg.b-cdn.net/wlogoo23.png]
[tsg.b-cdn.net/wlogoo2.png]
[tsg.b-cdn.net/wlogoo4.png]
[tsg.b-cdn.net/wlogoo5.png]
[www.dezvolta.com/img/shelfperklogo.png]
[www.dezvolta.com/img/texbiologo.png]
[www.dezvolta.com/img/chocolakelogo.png]
[tsg.b-cdn.net/wlogoo13.png]
[tsg.b-cdn.net/ic-logo.jpg]
[www.dezvolta.com/works/index.html]
[www.dezvolta.com/wp-json/oembed/1.0/embed1144.json]
[www.dezvolta.com/wp-json/oembed/1.0/embeda90e]
[tsg.b-cdn.net/a-icon2.png]
[tsg.b-cdn.net/aicon5.png]
[tsg.b-cdn.net/aicon1.png]
[tsg.b-cdn.net/aicon3.png]
[www.dezvolta.com/agency/index.html]
[www.dezvolta.com/img/Grow-your-eCommerce-business-with-these-9-Strategies-recommended-by-dezvolta.jpg]
[www.dezvolta.com/img/9-trendy-google-fonts-combination.jpg]
[www.dezvolta.com/img/step-by-step-guide-to-speed-up-WordPress.jpg]
[www.dezvolta.com/img/content-marketing-technique.jpg]
[www.dezvolta.com/img/choose-a-domain.jpg]
[www.dezvolta.com/img/5-Things-to-Avoid-When-Designing-a-New-Website.jpg]
[www.dezvolta.com/img/10-Must-Have-Elements-In-Your-New-Website.jpg]
[www.dezvolta.com/img/How-To-Choose-A-Web-Design-Company.jpg]
[www.dezvolta.com/img/Top-10-Web-Design-Trends-for-2019.jpg]
[www.dezvolta.com/blog/index.html]
[www.dezvolta.com/wp-json/oembed/1.0/embed939b.json]
[www.dezvolta.com/wp-json/oembed/1.0/embed6eb7]
[tsg.b-cdn.net/contact-bg.png]
[www.dezvolta.com/contact/index.html]
[www.dezvolta.com/wp-json/oembed/1.0/embed00bc.json]
[www.dezvolta.com/wp-json/oembed/1.0/embedbd8b]
[tsg.b-cdn.net/responsive-web-design-services.png]
[tsg.b-cdn.net/service43.png]
[tsg.b-cdn.net/web-design-company-in-Singapore.png]
[tsg.b-cdn.net/web-design-company-in-india.png]
[tsg.b-cdn.net/web-design-company-india.png]
[tsg.b-cdn.net/web-design-company1.png]
[www.dezvolta.com/web-design-services/index.html]
[www.dezvolta.com/wp-json/oembed/1.0/embed0971.json]
[www.dezvolta.com/wp-json/oembed/1.0/embedc7ae]
[tsg.b-cdn.net/digital-marketing-service.png]
[www.dezvolta.com/digital-marketing-services/index.html]
[www.dezvolta.com/wp-json/oembed/1.0/embedf677.json]
[www.dezvolta.com/blog/how-to-choose-a-web-design-company/feed/index.html]
[www.dezvolta.com/wp-json/oembed/1.0/embed6581]
[tsg.b-cdn.net/menudown-blue.png]
[secure.gravatar.com/avatar/80b917be4594a37ca5cc43de05d7457f1f55.jpeg]
[www.dezvolta.com/img/How-To-Choose-A-Web-Design-Company.png]
[www.dezvolta.com/blog/how-to-choose-a-web-design-company/index.html]
[www.dezvolta.com/wp-includes/js/comment-reply.min7923.js]
[dezvolta.disqus.com/embed.js]
[www.dezvolta.com/wp-json/oembed/1.0/embed1396.json]
[www.dezvolta.com/wp-json/oembed/1.0/embedcc36]
[www.dezvolta.com/blog/top-web-design-trends/feed/index.html]
[www.dezvolta.com/img/top-10-Web-Design-Trends-for-2019.png]
[www.dezvolta.com/blog/top-web-design-trends/index.html]
[www.dezvolta.com/wp-json/oembed/1.0/embed9f96.json]
[www.dezvolta.com/wp-json/oembed/1.0/embed6fa2]
[tsg.b-cdn.net/google-link.jpg]
[platform-api.sharethis.com/js/sharethis.js]
[tsg.b-cdn.net/Dezvolta-Google-Business-Review-Link-Generator.png]
[www.dezvolta.com/google-review-direct-link-generator/index.html]
[www.dezvolta.com/wp-json/oembed/1.0/embed91e1.json]
[www.dezvolta.com/wp-json/oembed/1.0/embedeb8d]
[www.dezvolta.com/img/no1seobg.png]
[www.dezvolta.com/img/reviewclientbg.png]
[www.dezvolta.com/img/no1seoicons.png]
[www.dezvolta.com/img/Dezvolta-No-1-seo-company-in-Singapore.png]
[www.dezvolta.com/img/no1seoclientlogo2.png]
[www.dezvolta.com/img/clientlogomob.png]
[www.dezvolta.com/img/Dezvolta-Best-SEO-company-in-Singapore-scaled.png]
[www.dezvolta.com/img/SEO-keyword-ranking.png]
[www.dezvolta.com/img/review-client1.png]
[www.dezvolta.com/seo-services/seo-company-in-Singapore/index.html]
[www.dezvolta.com/wp-json/oembed/1.0/embedf4f2.json]
[www.dezvolta.com/wp-json/oembed/1.0/embed3f3a]
[tsg.b-cdn.net/zonet.jpg]
[tsg.b-cdn.net/Executive-Zone.png]
[tsg.b-cdn.net/Karsenz-total-car-care.png]
[tsg.b-cdn.net/Asian-Sealing-Products.png]
[tsg.b-cdn.net/navint.jpg]
[tsg.b-cdn.net/Navins-Constructions.png]
[tsg.b-cdn.net/pirai-infotech.png]
[tsg.b-cdn.net/Nutsvilla-home-nuts.png]
[tsg.b-cdn.net/chamundit.jpg]
[tsg.b-cdn.net/Chamundi-Structurals.png]
[tsg.b-cdn.net/chitrakali.png]
[tsg.b-cdn.net/the-motermotive.png]
[tsg.b-cdn.net/Neopia-Interiors.png]
[tsg.b-cdn.net/cosmot.jpg]
[tsg.b-cdn.net/Cosmo-floors.png]
[tsg.b-cdn.net/Bhalaje-Photography.png]
[tsg.b-cdn.net/string-temple.png]
[tsg.b-cdn.net/kobelcot.jpg]
[tsg.b-cdn.net/Kobelco-cm.png]
[tsg.b-cdn.net/Netexpert-Network-Solutions.png]
[www.dezvolta.com/testimonials/index.html]
[www.dezvolta.com/index47f2.html]
[www.dezvolta.com/indexeb91.html]
[www.dezvolta.com/seo-experts/index.html]
[www.dezvolta.com/index0012.html]
[www.dezvolta.com/index5643.html]
[www.dezvolta.com/index0e62.html]
[www.dezvolta.com/index287b.html]
[www.dezvolta.com/indexe6f0.html]
[www.dezvolta.com/wp-json/oembed/1.0/embed2a8d.json]
[www.dezvolta.com/blog/ecommerce-marketing-strategies-to-generate-sales/feed/index.html]
[www.dezvolta.com/wp-json/oembed/1.0/embed5082]
[www.dezvolta.com/img/Grow-your-eCommerce-business-with-these-9-Strategies-suggest-by-Dezvolta.png]
[www.dezvolta.com/img/dog-collar.png]
[www.dezvolta.com/img/keyword-ideas.png]
[www.dezvolta.com/img/depositphotospartner.png]
[www.dezvolta.com/img/testimonial-1-million-people.png]
[www.dezvolta.com/img/runway.jpg]
[www.dezvolta.com/img/dairymilk.jpg]
[www.dezvolta.com/img/SEO-for-eCommerce-eCommerce-Marketing-Strategy-1024x432.png]
[www.dezvolta.com/blog/ecommerce-marketing-strategies-to-generate-sales/index.html]
[www.dezvolta.com/wp-json/oembed/1.0/embed16a3.json]
[www.dezvolta.com/blog/trendy-google-font-combinations/feed/index.html]
[www.dezvolta.com/wp-json/oembed/1.0/embedb090]
[www.dezvolta.com/img/9-trendy-google-font-combinations.png]
[www.dezvolta.com/img/Oswald-Quattrocento.jpg]
[www.dezvolta.com/img/PlayfairDisplay-LibreBaskerville.jpg]
[www.dezvolta.com/img/Nixie-One-Open-Sans.jpg]
[www.dezvolta.com/img/FjallaOne-Nunito.jpg]
[www.dezvolta.com/img/JuliusSansOne-CrimsonText.jpg]
[www.dezvolta.com/img/AlfaSlabOne-GentiumBookBasic.jpg]
[www.dezvolta.com/img/MrDeHaviland-FaunaOne.jpg]
[www.dezvolta.com/img/Anton-Sintony.jpg]
[www.dezvolta.com/img/Muli-PlayfairDisplay.jpg]
[www.dezvolta.com/blog/trendy-google-font-combinations/index.html]
[www.dezvolta.com/wp-json/oembed/1.0/embed48c3.json]
[www.dezvolta.com/blog/speed-up-wordpress/feed/index.html]
[www.dezvolta.com/wp-json/oembed/1.0/embed270e]
[www.dezvolta.com/img/Step-by-Step-Guide-to-Speedup-your-WordPress-website.png]
[tsg.b-cdn.net/Run-a-PageSpeed-test.png]
[www.dezvolta.com/blog/speed-up-wordpress/index.html]
[www.dezvolta.com/wp-json/oembed/1.0/embed250a.json]
[www.dezvolta.com/blog/content-marketing-techniques/feed/index.html]
[www.dezvolta.com/wp-json/oembed/1.0/embedef01]
[secure.gravatar.com/avatar/704a196950d06ae700e28c137827a13d1f55.jpeg]
[www.dezvolta.com/img/content-marketing-technique.png]
[www.dezvolta.com/blog/content-marketing-techniques/index.html]
[www.dezvolta.com/wp-json/oembed/1.0/embed638e.json]
[www.dezvolta.com/blog/how-to-choose-a-domain-name/feed/index.html]
[www.dezvolta.com/wp-json/oembed/1.0/embed471b]
[secure.gravatar.com/avatar/ba8223719f220307e82560e985f8b6581f55.png]
[www.dezvolta.com/img/How-to-choose-a-domain-name.png]
[www.dezvolta.com/blog/how-to-choose-a-domain-name/index.html]
[www.dezvolta.com/wp-json/oembed/1.0/embed0a02.json]
[www.dezvolta.com/blog/5-things-to-avoid-when-designing-a-new-website/feed/index.html]
[www.dezvolta.com/wp-json/oembed/1.0/embed9894]
[www.dezvolta.com/img/5-Things-to-Avoid-When-Designing-a-New-Website.png]
[www.dezvolta.com/blog/5-things-to-avoid-when-designing-a-new-website/index.html]
[www.dezvolta.com/wp-json/oembed/1.0/embed2338.json]
[www.dezvolta.com/blog/10-must-have-elements-in-your-new-website/feed/index.html]
[www.dezvolta.com/wp-json/oembed/1.0/embedaf85]
[www.dezvolta.com/img/10-Must-Have-Elements-In-Your-New-Website.png]
[www.dezvolta.com/blog/10-must-have-elements-in-your-new-website/index.html]
[www.dezvolta.com/index5831.html]
[www.dezvolta.com/index3965.html]
[www.dezvolta.com/index1c4a.html]
[cdn.ampproject.org/v0/amp-position-observer-0.1.js]
[cdn.ampproject.org/v0/amp-animation-0.1.js]
[cdn.ampproject.org/v0/amp-addthis-0.1.js]
[cdn.ampproject.org/v0/amp-form-0.1.js]
[cdn.ampproject.org/v0/amp-social-share-0.1.js]
[cdn.ampproject.org/v0/amp-analytics-0.1.js]
[cdn.ampproject.org/v0.js]
[www.dezvolta.com/wp-content/plugins/accelerated-mobile-pages/templates/design-manager/swift/fonts/Poppins-Light.ttf]
[www.dezvolta.com/wp-content/plugins/accelerated-mobile-pages/templates/design-manager/swift/fonts/Poppins-Regular.ttf]
[www.dezvolta.com/wp-content/plugins/accelerated-mobile-pages/templates/design-manager/swift/fonts/Poppins-Medium.ttf]
[www.dezvolta.com/wp-content/plugins/accelerated-mobile-pages/templates/design-manager/swift/fonts/Poppins-SemiBold.ttf]
[www.dezvolta.com/wp-content/plugins/accelerated-mobile-pages/templates/design-manager/swift/fonts/Poppins-Bold.ttf]
[www.dezvolta.com/wp-content/plugins/accelerated-mobile-pages/templates/design-manager/swift/fonts/icomoon.ttf]
[www.dezvolta.com/img/dezvolta-logo-min.png]
[www.dezvolta.com/img/Grow-your-eCommerce-business-with-these-9-Strategies-suggest-by-Dezvolta-346x188.png]
[www.dezvolta.com/img/9-trendy-google-font-combinations-346x188.png]
[www.dezvolta.com/img/Step-by-Step-Guide-to-Speedup-your-WordPress-website-346x188.png]
[www.dezvolta.com/img/content-marketing-technique-346x188.png]
[www.dezvolta.com/img/How-to-choose-a-domain-name-346x188.png]
[www.dezvolta.com/img/5-Things-to-Avoid-When-Designing-a-New-Website-346x188.png]
[www.dezvolta.com/blog/how-to-choose-a-web-design-company/amp/index.html]
[www.dezvolta.com/indexcc0f.html]
[www.dezvolta.com/xmlrpc.php]
[fonts.googleapis.com/cssc547.css]
[fonts.googleapis.com/cssaae9.css]
[www.dezvolta.com/blog/top-web-design-trends/amp/index.html]
[www.dezvolta.com/index8cf7.html]
[www.dezvolta.com/index45ff.html]
[www.dezvolta.com/index9c73.html]
[www.dezvolta.com/index6f72.html]
[www.dezvolta.com/img/10-Must-Have-Elements-In-Your-New-Website-346x188.png]
[www.dezvolta.com/blog/ecommerce-marketing-strategies-to-generate-sales/amp/index.html]
[www.dezvolta.com/index2cc4.html]
[www.dezvolta.com/blog/trendy-google-font-combinations/amp/index.html]
[www.dezvolta.com/indexc5e7.html]
[www.dezvolta.com/blog/speed-up-wordpress/amp/index.html]
[www.dezvolta.com/index1031.html]
[www.dezvolta.com/how-to-choose-a-web-design-company/index.html]
[www.dezvolta.com/blog/content-marketing-techniques/amp/index.html]
[www.dezvolta.com/index3fbb.html]
[www.dezvolta.com/blog/how-to-choose-a-domain-name/amp/index.html]
[www.dezvolta.com/index6213.html]
[www.dezvolta.com/blog/5-things-to-avoid-when-designing-a-new-website/amp/index.html]
[www.dezvolta.com/index0721.html]
[www.dezvolta.com/blog/10-must-have-elements-in-your-new-website/amp/index.html]
[www.dezvolta.com/index9787.html]
[cdn.ampproject.org/index.html]
[www.dezvolta.com/wp-json/oembed/1.0/embed0893.json]
[www.dezvolta.com/wp-json/oembed/1.0/embed55c7]
[www.dezvolta.com/careers/index.html]
[www.dezvolta.com/img/How-To-Choose-A-Web-Design-Company-346x188.png]
[www.dezvolta.com/img/top-10-Web-Design-Trends-for-2019-346x188.png]
[www.dezvolta.com/blog/category/web-design/amp/index.html]
[www.dezvolta.com/blog/category/e-commerce/amp/index.html]
[www.dezvolta.com/blog/category/trends/amp/index.html]
[www.dezvolta.com/blog/category/digital-marketing/amp/index.html]
[www.dezvolta.com/blog/category/seo/amp/index.html]
[www.dezvolta.com/blog/tag/2018/amp/index.html]
[www.dezvolta.com/blog/tag/banding/amp/index.html]
[www.dezvolta.com/blog/tag/domain/amp/index.html]
[www.dezvolta.com/blog/tag/naming/amp/index.html]
[www.dezvolta.com/blog/tag/startup/amp/index.html]
[www.dezvolta.com/blog/tag/trends/amp/index.html]
[www.dezvolta.com/index460d.html]
[www.dezvolta.com/blog/category/web-design/index.html]
[www.dezvolta.com/blog/category/web-design/feed/index.html]
[www.dezvolta.com/blog/category/e-commerce/index.html]
[www.dezvolta.com/blog/category/trends/index.html]
[www.dezvolta.com/blog/category/e-commerce/feed/index.html]
[www.dezvolta.com/blog/category/digital-marketing/index.html]
[www.dezvolta.com/blog/category/seo/index.html]
[www.dezvolta.com/blog/category/trends/feed/index.html]
[www.dezvolta.com/blog/category/digital-marketing/feed/index.html]
[www.dezvolta.com/blog/tag/2018/index.html]
[www.dezvolta.com/blog/category/seo/feed/index.html]
[www.dezvolta.com/blog/tag/banding/index.html]
[www.dezvolta.com/blog/tag/2018/feed/index.html]
[www.dezvolta.com/blog/tag/banding/feed/index.html]
[www.dezvolta.com/blog/tag/domain/index.html]
[www.dezvolta.com/blog/tag/domain/feed/index.html]
[www.dezvolta.com/blog/tag/naming/index.html]
[www.dezvolta.com/blog/tag/startup/index.html]
[www.dezvolta.com/blog/tag/naming/feed/index.html]
[www.dezvolta.com/blog/tag/startup/feed/index.html]
[www.dezvolta.com/blog/tag/trends/index.html]
[www.dezvolta.com/blog/tag/trends/feed/index.html]
[www.dezvolta.com/blog/2019/12/index.html]
[www.dezvolta.com/blog/2019/06/index.html]
[www.dezvolta.com/blog/2019/01/index.html]
[www.dezvolta.com/blog/2018/12/index.html]
[www.dezvolta.com/wp-includes/js/jquery/jquery4a5f.js]
[www.dezvolta.com/wp-includes/js/jquery/jquery-migrate.min330a.js]
[www.dezvolta.com/wp-includes/js/zxcvbn-async.min5152.js]
[www.dezvolta.com/wp-includes/js/underscore.min4511.js]
[www.dezvolta.com/wp-includes/js/wp-util.min7923.js]
[www.dezvolta.com/wp-login.html]
[www.dezvolta.com/blog/2019/12/amp/index.html]
[www.dezvolta.com/blog/2019/06/amp/index.html]
[www.dezvolta.com/blog/2019/01/amp/index.html]
[www.dezvolta.com/blog/2018/12/amp/index.html]
[www.dezvolta.com/wp-loginc2b6.html]
[www.dezvolta.com/comments/feed/index.html]
[www.dezvolta.com/feed/index.html]
[www.dezvolta.com/wp-json/index.html]
[www.dezvolta.com/xmlrpc0db0.php]
[www.dezvolta.com/wp-json/oembed/1.0/embed463c.json]
[www.dezvolta.com/wp-json/oembed/1.0/embed8dd0]
[tsg.b-cdn.net/rwsec5tbg2.png]
[tsg.b-cdn.net/ecsecn7b.png]
[tsg.b-cdn.net/aos.css]
[tsg.b-cdn.net/bootstrap.min.css]
[tsg.b-cdn.net/owl.carousel.js]
[tsg.b-cdn.net/hhh.png]
[tsg.b-cdn.net/rwsec3i-bg.png]
[tsg.b-cdn.net/web-design-process-bg-1.146.delayed]
[tsg.b-cdn.net/rw-sec9abg.png]
[tsg.b-cdn.net/demo-2.js]
[tsg.b-cdn.net/contact.png]
[tsg.b-cdn.net/footermin.148.delayed]
[www.dezvolta.com/wp-json/oembed/1.0/embed9bdb.json]
[www.dezvolta.com/wp-json/oembed/1.0/embedbe1f]
[www.dezvolta.com/wp-json/oembed/1.0/embed4253.json]
[tsg.b-cdn.net/agency-bg.jpg]
[tsg.b-cdn.net/Premium-Responsive-Web-Designer.png]
[www.dezvolta.com/wp-json/oembed/1.0/embedb190.json]
[www.dezvolta.com/wp-json/oembed/1.0/embed71fe]
[tsg.b-cdn.net/how-to-choose-a-domain-name.jpg]
[www.dezvolta.com/wp-json/oembed/1.0/embeda9ae]
[tsg.b-cdn.net/web-design-trends.jpg]
[tsg.b-cdn.net/web-icon1.png]
[tsg.b-cdn.net/dig-bg.14d.delayed]
[tsg.b-cdn.net/Technology-Platforms-Expertise.png]
[tsg.b-cdn.net/Custom-Ecommerce-Development.png]
[www.dezvolta.com/wp-json/oembed/1.0/embed0f43.json]
[tsg.b-cdn.net/e-commerce-port2.png]
[tsg.b-cdn.net/dig-icon1.png]
[www.dezvolta.com/wp-json/oembed/1.0/embedacc0]
[www.dezvolta.com/wp-json/oembed/1.0/embed075b.json]
[www.dezvolta.com/wp-json/oembed/1.0/embede3c0]
[tsg.b-cdn.net/brand-port.png]
[tsg.b-cdn.net/brand-port1.png]
[tsg.b-cdn.net/contact-icon.14f.delayed]
[www.dezvolta.com/wp-json/oembed/1.0/embedc349.json]
[tsg.b-cdn.net/brand3-port.png]
[www.dezvolta.com/wp-json/oembed/1.0/embed84a0]
[www.dezvolta.com/wp-json/oembed/1.0/embed1144.json]
[tsg.b-cdn.net/osj-logo.jpg]
[tsg.b-cdn.net/ic-logo.jpg]
[tsg.b-cdn.net/brand-icon1.png]
[www.dezvolta.com/wp-json/oembed/1.0/embeda90e]
[www.dezvolta.com/wp-json/oembed/1.0/embed6eb7]
[www.dezvolta.com/wp-json/oembed/1.0/embed939b.json]
[tsg.b-cdn.net/web-design-company-in-Singapore.png]
[tsg.b-cdn.net/seo-icon1.png]
[www.dezvolta.com/wp-json/oembed/1.0/embedbd8b]
[www.dezvolta.com/wp-json/oembed/1.0/embed00bc.json]
[tsg.b-cdn.net/web-design-company-in-india.png]
[tsg.b-cdn.net/web-design-company-india.png]
[tsg.b-cdn.net/work0.jpg]
[www.dezvolta.com/wp-json/oembed/1.0/embedc7ae]
[www.dezvolta.com/wp-json/oembed/1.0/embed0971.json]
[tsg.b-cdn.net/work1.jpg]
[www.dezvolta.com/blog/how-to-choose-a-web-design-company/feed/index.html]
[www.dezvolta.com/wp-json/oembed/1.0/embedf677.json]
[tsg.b-cdn.net/web-design-company1.png]
[www.dezvolta.com/wp-json/oembed/1.0/embed6581]
[tsg.b-cdn.net/work2.jpg]
[www.dezvolta.com/blog/top-web-design-trends/feed/index.html]
[tsg.b-cdn.net/work3.jpg]
[www.dezvolta.com/wp-json/oembed/1.0/embedcc36]
[www.dezvolta.com/wp-json/oembed/1.0/embed1396.json]
[tsg.b-cdn.net/work4.156.delayed]
[www.dezvolta.com/wp-json/oembed/1.0/embed6fa2]
[tsg.b-cdn.net/work5.jpg]
[www.dezvolta.com/wp-json/oembed/1.0/embed9f96.json]
[tsg.b-cdn.net/work6.jpg]
[platform-api.sharethis.com/js/sharethis.js]
[tsg.b-cdn.net/google-link.jpg]
[www.dezvolta.com/wp-json/oembed/1.0/embedeb8d]
[www.dezvolta.com/wp-json/oembed/1.0/embed91e1.json]
[tsg.b-cdn.net/work7.jpg]
[tsg.b-cdn.net/work8.jpg]
[www.dezvolta.com/wp-json/oembed/1.0/embedf4f2.json]
[www.dezvolta.com/wp-json/oembed/1.0/embed3f3a]
[tsg.b-cdn.net/zonet.jpg]
[tsg.b-cdn.net/navint.jpg]
[tsg.b-cdn.net/chamundit.jpg]
[tsg.b-cdn.net/work9.15b.delayed]
[tsg.b-cdn.net/cosmot.jpg]
[tsg.b-cdn.net/kobelcot.jpg]
[www.dezvolta.com/blog/ecommerce-marketing-strategies-to-generate-sales/feed/index.html]
[www.dezvolta.com/wp-json/oembed/1.0/embed2a8d.json]
[tsg.b-cdn.net/work10.jpg]
[www.dezvolta.com/wp-json/oembed/1.0/embed5082]
[tsg.b-cdn.net/work11.jpg]
[tsg.b-cdn.net/work12.jpg]
[www.dezvolta.com/blog/trendy-google-font-combinations/feed/index.html]
[www.dezvolta.com/wp-json/oembed/1.0/embed16a3.json]
[tsg.b-cdn.net/work13.jpg]
[www.dezvolta.com/wp-json/oembed/1.0/embedb090]
[tsg.b-cdn.net/work14.jpg]
[tsg.b-cdn.net/work15.jpg]
[tsg.b-cdn.net/work16.jpg]
[www.dezvolta.com/blog/speed-up-wordpress/feed/index.html]
[tsg.b-cdn.net/work17.jpg]
[www.dezvolta.com/wp-json/oembed/1.0/embed270e]
[www.dezvolta.com/blog/content-marketing-techniques/feed/index.html]
[www.dezvolta.com/wp-json/oembed/1.0/embed48c3.json]
[tsg.b-cdn.net/work18.164.delayed]
[www.dezvolta.com/wp-json/oembed/1.0/embedef01]
[www.dezvolta.com/wp-json/oembed/1.0/embed250a.json]
[www.dezvolta.com/blog/how-to-choose-a-domain-name/feed/index.html]
[tsg.b-cdn.net/work19.165.delayed]
[www.dezvolta.com/wp-json/oembed/1.0/embed471b]
[www.dezvolta.com/wp-json/oembed/1.0/embed638e.json]
[tsg.b-cdn.net/work20.jpg]
[secure.gravatar.com/avatar/ba8223719f220307e82560e985f8b6581f55.png]
[www.dezvolta.com/blog/5-things-to-avoid-when-designing-a-new-website/feed/index.html]
[www.dezvolta.com/wp-json/oembed/1.0/embed0a02.json]
[tsg.b-cdn.net/work21.jpg]
[www.dezvolta.com/wp-json/oembed/1.0/embed9894]
[www.dezvolta.com/blog/10-must-have-elements-in-your-new-website/feed/index.html]
[tsg.b-cdn.net/work22.jpg]
[www.dezvolta.com/wp-json/oembed/1.0/embed2338.json]
[www.dezvolta.com/wp-json/oembed/1.0/embedaf85]
[tsg.b-cdn.net/work23.jpg]
[tsg.b-cdn.net/work24.jpg]
[tsg.b-cdn.net/work25.16b.delayed]
[tsg.b-cdn.net/work26.jpg]
[www.dezvolta.com/wp-json/oembed/1.0/embed0893.json]
[www.dezvolta.com/wp-json/oembed/1.0/embed55c7]
[tsg.b-cdn.net/work27.jpg]
[www.dezvolta.com/blog/category/web-design/feed/index.html]
[www.dezvolta.com/blog/category/e-commerce/feed/index.html]
[tsg.b-cdn.net/work28.jpg]
[www.dezvolta.com/blog/category/trends/feed/index.html]
[www.dezvolta.com/blog/category/digital-marketing/feed/index.html]
[www.dezvolta.com/blog/category/seo/feed/index.html]
[tsg.b-cdn.net/owl.video.play.png]
[www.dezvolta.com/blog/tag/naming/feed/index.html]
[www.dezvolta.com/blog/tag/domain/feed/index.html]
[www.dezvolta.com/blog/tag/banding/feed/index.html]
[www.dezvolta.com/blog/tag/2018/feed/index.html]
[tsg.b-cdn.net/hhh.png]
[www.dezvolta.com/blog/tag/trends/feed/index.html]
[www.dezvolta.com/blog/tag/startup/feed/index.html]
[tsg.b-cdn.net/footermin.jpg]
[tsg.b-cdn.net/seli3.svg]
[tsg.b-cdn.net/ajax-loader.gif]
[tsg.b-cdn.net/dezvolta1c.css]
[tsg.b-cdn.net/work4.jpg]
[tsg.b-cdn.net/work26.jpg]
[tsg.b-cdn.net/work28.jpg]
[www.dezvolta.com/discounts/index.html]
[www.dezvolta.com/img/TSG-logo.svg]
[www.dezvolta.com/img/TSG-logo.svg]
[www.dezvolta.com/index47f2.html]
[tsg.b-cdn.net/ser-logo.svg]
[www.dezvolta.com/img/noqseotick.svg]
[www.dezvolta.com/index287b.html]
[www.dezvolta.com/indexe6f0.html]
[tsg.b-cdn.net/agency-bg.jpg]
[tsg.b-cdn.net/work5.jpg]
[tsg.b-cdn.net/work15.jpg]
[www.dezvolta.com/blog/trendy-google-font-combinations/index.html]
[www.dezvolta.com/index1c4a.html]
[www.dezvolta.com/indexcc0f.html]
[www.dezvolta.com/xmlrpc.php]
[www.dezvolta.com/blog/top-web-design-trends/amp/index.html]
[www.dezvolta.com/index8cf7.html]
[www.dezvolta.com/img/our-Singapore-seo-clients.svg]
[www.dezvolta.com/img/Dezvolta-Best-SEO-company-in-Singapore.svg]
[www.dezvolta.com/img/SEO-keyword-ranking.svg]
[www.dezvolta.com/index2cc4.html]
[www.dezvolta.com/blog/trendy-google-font-combinations/amp/index.html]
[www.dezvolta.com/indexc5e7.html]
[www.dezvolta.com/blog/speed-up-wordpress/amp/index.html]
[www.dezvolta.com/index1031.html]
[www.dezvolta.com/index3fbb.html]
[secure.gravatar.com/avatar/704a196950d06ae700e28c137827a13d1f55.jpeg]
[www.dezvolta.com/blog/how-to-choose-a-domain-name/amp/index.html]
[www.dezvolta.com/index6213.html]
[www.dezvolta.com/blog/5-things-to-avoid-when-designing-a-new-website/amp/index.html]
[www.dezvolta.com/index0721.html]
[www.dezvolta.com/blog/10-must-have-elements-in-your-new-website/amp/index.html]
[www.dezvolta.com/index9787.html]
[cdn.ampproject.org/index.html]
[www.dezvolta.com/wp-content/plugins/accelerated-mobile-pages/templates/design-manager/swift/fonts/icomoon.ttf]
[www.dezvolta.com/blog/category/web-design/index.html]
[www.dezvolta.com/blog/2019/12/index.html]
[www.dezvolta.com/blog/2019/12/amp/index.html]
[www.dezvolta.com/wp-includes/fonts/dashicons2ce6.eot]
[www.dezvolta.com/wp-includes/fonts/dashicons2ce6.ttf]
[www.dezvolta.com/wp-includes/css/dashicons.min7923.css]
[www.dezvolta.com/wp-includes/css/buttons.min7923.css]
[tsg.b-cdn.net/owl.video.play.html]
[tsg.b-cdn.net/seli3.svg]
